// Jest Snapshot v1, https://goo.gl/fbAQLP

exports[`Test in <MultipleCustomHooks /> should show correctly 1`] = `
<div>
  <h2>
     BrekingBad Quotes 
  </h2>
  <hr />
  <div
    className="alert alert-info text-center"
  >
    Loading...
  </div>
</div>
`;

exports[`Test in <MultipleCustomHooks /> should show the info 1`] = `
<div>
  <h2>
     BrekingBad Quotes 
  </h2>
  <hr />
  <blockquote
    className="blockquote text-right"
  >
    <p
      className="mb-3"
    >
       
      Hola mundo
       
    </p>
    <footer
      className="blockquote-footer"
    >
       
      Nahuel
        
    </footer>
  </blockquote>
  <hr />
  <button
    className="btn btn-primary m-2"
    disabled={true}
    onClick={[Function]}
  >
    Previous quote
  </button>
  <button
    className="btn btn-primary m-2"
    onClick={[Function]}
  >
    Next quote
  </button>
</div>
`;
