// Jest Snapshot v1, https://goo.gl/fbAQLP

exports[`Test in <RealExampleRef/> should show correctly 1`] = `
<div>
  <h2>
     RealExampleRef 
  </h2>
  <hr />
  <button
    className="btn btn-primary mt-4"
    onClick={[Function]}
  >
    Show/Hide Quote
  </button>
</div>
`;
