// Jest Snapshot v1, https://goo.gl/fbAQLP

exports[`HookApp test Should show HookApp component correctly 1`] = `
<div>
  <h2>
     HookApp 
  </h2>
</div>
`;
