// Jest Snapshot v1, https://goo.gl/fbAQLP

exports[`Test of <HomeScreen/> should show correctly 1`] = `
<div>
  <h2>
     HomeScreen 
  </h2>
  <hr />
  <pre />
</div>
`;
