// Jest Snapshot v1, https://goo.gl/fbAQLP

exports[`Test of LoginScreen should show correctly 1`] = `
<div>
  <h2>
     LoginScreen 
  </h2>
  <hr />
  <button
    className="btn btn-primary"
    onClick={[Function]}
  >
    Login
  </button>
</div>
`;
